../Drivers/CMSIS/Include/core_cm3.h:1876:26:ITM_SendChar	16	static,ignoring_inline_asm
../Core/Src/main.c:70:5:_write	32	static
../Core/Src/main.c:83:5:main	24	static
../Core/Src/main.c:209:6:SystemClock_Config	80	static
../Core/Src/main.c:250:13:MX_ADC1_Init	24	static
../Core/Src/main.c:302:13:MX_CAN1_Init	8	static
../Core/Src/main.c:339:13:MX_CAN2_Init	8	static
../Core/Src/main.c:376:13:MX_SDIO_SD_Init	8	static
../Core/Src/main.c:408:13:MX_SPI1_Init	8	static
../Core/Src/main.c:433:13:MX_TIM4_Init	32	static
../Core/Src/main.c:478:13:MX_UART4_Init	8	static
../Core/Src/main.c:511:13:MX_USART2_UART_Init	8	static
../Core/Src/main.c:544:13:MX_GPIO_Init	48	static
../Core/Src/main.c:600:6:Delay_us	16	static
../Core/Src/main.c:611:6:Error_Handler	4	static,ignoring_inline_asm
