../Drivers/CMSIS/Include/core_cm3.h:1876:26:ITM_SendChar	4
../Core/Src/main.c:70:5:_write	2
../Core/Src/main.c:83:5:main	3
../Core/Src/main.c:209:6:SystemClock_Config	3
../Core/Src/main.c:250:13:MX_ADC1_Init	3
../Core/Src/main.c:302:13:MX_CAN1_Init	2
../Core/Src/main.c:339:13:MX_CAN2_Init	2
../Core/Src/main.c:376:13:MX_SDIO_SD_Init	2
../Core/Src/main.c:408:13:MX_SPI1_Init	2
../Core/Src/main.c:433:13:MX_TIM4_Init	4
../Core/Src/main.c:478:13:MX_UART4_Init	2
../Core/Src/main.c:511:13:MX_USART2_UART_Init	2
../Core/Src/main.c:544:13:MX_GPIO_Init	1
../Core/Src/main.c:600:6:Delay_us	2
../Core/Src/main.c:611:6:Error_Handler	1
